└─(15:38:43 on humble-docker-autoware ✹ ✭)──> docker exec -it autoware_universe bash                                                                                                                                           ──(Kha,Mei07)─┘
root@a2tech:/home/aw# ros2 launch autoware_launch autoware.launch.xml   map_path:=/autoware_map   data_path:=/autoware_data/ml_models   vehicle_model:=sample_vehicle   sensor_model:=sample_sensor_kit   use_sim_time:=true is_simulation:=true   launch_vehicle:=false launch_system:=false launch_map:=false   launch_localization:=false launch_planning:=false launch_control:=false launch_api:=false   launch_sensing:=false launch_sensing_driver:=false launch_perception:=true   perception_mode:=lidar   lidar_detection_model:=clustering   input/pointcloud:=/sensing/lidar/top/pointcloud_raw   use_cuda_ground_segmentation:=false   cuda_pointcloud_preprocessing:=false   use_pointcloud_map:=false use_vector_map:=false   use_traffic_light_recognition:=false
[INFO] [launch]: All log files can be found below /root/.ros/log/2026-05-07-07-39-46-926641-a2tech-553
[INFO] [launch]: Default logging verbosity is set to INFO
1778139602.107841 [0]       ros2: config: //CycloneDDS/Domain/General: 'NetworkInterfaceAddress': deprecated element (CYCLONEDDS_URI+0 line 1)
[INFO] [component_container_mt-1]: process started with pid [569]
[INFO] [shape_estimation_node-2]: process started with pid [571]
[INFO] [detected_object_feature_remover_node-3]: process started with pid [573]
[INFO] [detection_by_tracker_node-4]: process started with pid [575]
[INFO] [obstacle_pointcloud_based_validator_node-5]: process started with pid [577]
[INFO] [multi_object_tracker_node-6]: process started with pid [579]
[INFO] [autoware_perception_analytics_publisher_node-7]: process started with pid [581]
[INFO] [rviz2-8]: process started with pid [583]
[detected_object_feature_remover_node-3] 1778139606.488136 [0] detected_o: config: //CycloneDDS/Domain/General: 'NetworkInterfaceAddress': deprecated element (CYCLONEDDS_URI+0 line 1)
[component_container_mt-1] 1778139606.497094 [0] component_: config: //CycloneDDS/Domain/General: 'NetworkInterfaceAddress': deprecated element (CYCLONEDDS_URI+0 line 1)
[autoware_perception_analytics_publisher_node-7] 1778139606.501036 [0] autoware_p: config: //CycloneDDS/Domain/General: 'NetworkInterfaceAddress': deprecated element (CYCLONEDDS_URI+0 line 1)
[multi_object_tracker_node-6] 1778139606.513537 [0] multi_obje: config: //CycloneDDS/Domain/General: 'NetworkInterfaceAddress': deprecated element (CYCLONEDDS_URI+0 line 1)
[multi_object_tracker_node-6] [INFO] [1778139606.544291190] [perception.object_recognition.tracking.multi_object_tracker]: InputManager::init Initializing clustering input stream index 0
[multi_object_tracker_node-6] [INFO] [1778139606.544376082] [perception.object_recognition.tracking.multi_object_tracker]: InputManager::init Initializing none input stream index 1
[multi_object_tracker_node-6] [INFO] [1778139606.544386155] [perception.object_recognition.tracking.multi_object_tracker]: InputManager::init Initializing none input stream index 2
[multi_object_tracker_node-6] [INFO] [1778139606.544394613] [perception.object_recognition.tracking.multi_object_tracker]: InputManager::init Initializing none input stream index 3
[multi_object_tracker_node-6] [INFO] [1778139606.544403092] [perception.object_recognition.tracking.multi_object_tracker]: InputManager::init Initializing detection_by_tracker input stream index 4
[multi_object_tracker_node-6] [INFO] [1778139606.544408734] [perception.object_recognition.tracking.multi_object_tracker]: InputManager::init Initializing none input stream index 5
[multi_object_tracker_node-6] [INFO] [1778139606.544413738] [perception.object_recognition.tracking.multi_object_tracker]: InputManager::init Initializing none input stream index 6
[multi_object_tracker_node-6] [INFO] [1778139606.544419223] [perception.object_recognition.tracking.multi_object_tracker]: InputManager::init Initializing camera_streampetr input stream index 7
[multi_object_tracker_node-6] [INFO] [1778139606.544427572] [perception.object_recognition.tracking.multi_object_tracker]: InputManager::init Initializing none input stream index 8
[multi_object_tracker_node-6] [INFO] [1778139606.544432677] [perception.object_recognition.tracking.multi_object_tracker]: InputManager::init Initializing none input stream index 9
[multi_object_tracker_node-6] [INFO] [1778139606.544437475] [perception.object_recognition.tracking.multi_object_tracker]: InputManager::init Initializing none input stream index 10
[multi_object_tracker_node-6] [INFO] [1778139606.544443761] [perception.object_recognition.tracking.multi_object_tracker]: InputManager::init Initializing none input stream index 11
[obstacle_pointcloud_based_validator_node-5] 1778139606.578888 [0] obstacle_p: config: //CycloneDDS/Domain/General: 'NetworkInterfaceAddress': deprecated element (CYCLONEDDS_URI+0 line 1)
[component_container_mt-1] [INFO] [1778139606.585864678] [pointcloud_container]: Load Library: /opt/autoware/autoware_probabilistic_occupancy_grid_map/lib/libpointcloud_based_occupancy_grid_map.so
[shape_estimation_node-2] 1778139606.597619 [0] shape_esti: config: //CycloneDDS/Domain/General: 'NetworkInterfaceAddress': deprecated element (CYCLONEDDS_URI+0 line 1)
[rviz2-8] QStandardPaths: XDG_RUNTIME_DIR not set, defaulting to '/tmp/runtime-root'
[rviz2-8] 1778139606.626364 [0]      rviz2: config: //CycloneDDS/Domain/General: 'NetworkInterfaceAddress': deprecated element (CYCLONEDDS_URI+0 line 1)
[component_container_mt-1] [INFO] [1778139606.645966374] [pointcloud_container]: Found class: rclcpp_components::NodeFactoryTemplate<autoware::occupancy_grid_map::PointcloudBasedOccupancyGridMapNode>
[component_container_mt-1] [INFO] [1778139606.646056197] [pointcloud_container]: Instantiate class: rclcpp_components::NodeFactoryTemplate<autoware::occupancy_grid_map::PointcloudBasedOccupancyGridMapNode>
[shape_estimation_node-2] [INFO] [1778139606.658581923] [perception.object_recognition.detection.clustering.shape_estimation]: using boost shape estimation : 0
[detection_by_tracker_node-4] 1778139606.694215 [0] detection_: config: //CycloneDDS/Domain/General: 'NetworkInterfaceAddress': deprecated element (CYCLONEDDS_URI+0 line 1)
[rviz2-8] MESA: error: Failed to query drm device.
[rviz2-8] libGL error: glx: failed to create dri3 screen
[rviz2-8] libGL error: failed to load driver: iris
[rviz2-8] libGL error: failed to open /dev/dri/card1: No such file or directory
[rviz2-8] libGL error: failed to load driver: iris
[rviz2-8] MESA: error: Failed to query drm device.
[rviz2-8] libGL error: glx: failed to create dri3 screen
[rviz2-8] libGL error: failed to load driver: iris
[rviz2-8] libGL error: failed to open /dev/dri/card1: No such file or directory
[rviz2-8] libGL error: failed to load driver: iris
[rviz2-8] [INFO] [1778139606.938980313] [rviz2]: Stereo is NOT SUPPORTED
[rviz2-8] [INFO] [1778139606.939277352] [rviz2]: OpenGl version: 4.5 (GLSL 4.5)
[rviz2-8] [INFO] [1778139607.032609175] [rviz2]: Stereo is NOT SUPPORTED
[INFO] [launch_ros.actions.load_composable_nodes]: Loaded node '/perception/occupancy_grid_map/occupancy_grid_map_node' in container 'pointcloud_container'
[component_container_mt-1] [INFO] [1778139608.411781518] [pointcloud_container]: Load Library: /opt/autoware/autoware_euclidean_cluster/lib/libautoware_euclidean_cluster_voxel_grid_node_core.so
[rviz2-8] [WARN] [1778139608.415878004] [rcl.logging_rosout]: Publisher already registered for provided node name. If this is due to multiple nodes with the same name then all logs for that logger name will go out over the existing publisher. As soon as any node with that name is destructed it will unregister the publisher, preventing any further logs for that name from being published on the rosout topic.
[component_container_mt-1] [INFO] [1778139608.489837845] [pointcloud_container]: Found class: rclcpp_components::NodeFactoryTemplate<autoware::euclidean_cluster::VoxelGridBasedEuclideanClusterNode>
[component_container_mt-1] [INFO] [1778139608.489926417] [pointcloud_container]: Instantiate class: rclcpp_components::NodeFactoryTemplate<autoware::euclidean_cluster::VoxelGridBasedEuclideanClusterNode>
[INFO] [launch_ros.actions.load_composable_nodes]: Loaded node '/perception/object_recognition/detection/clustering/euclidean_cluster' in container 'pointcloud_container'
[component_container_mt-1] [INFO] [1778139608.518462648] [pointcloud_container]: Load Library: /opt/autoware/autoware_pointcloud_preprocessor/lib/libpointcloud_preprocessor_filter.so
[component_container_mt-1] [INFO] [1778139608.798613868] [pointcloud_container]: Found class: rclcpp_components::NodeFactoryTemplate<autoware::pointcloud_preprocessor::ApproximateDownsampleFilterComponent>
[component_container_mt-1] [INFO] [1778139608.798680681] [pointcloud_container]: Instantiate class: rclcpp_components::NodeFactoryTemplate<autoware::pointcloud_preprocessor::ApproximateDownsampleFilterComponent>
[INFO] [launch_ros.actions.load_composable_nodes]: Loaded node '/perception/object_recognition/detection/voxel_grid_downsample_filter' in container 'pointcloud_container'
[component_container_mt-1] [INFO] [1778139608.821306519] [pointcloud_container]: Found class: rclcpp_components::NodeFactoryTemplate<autoware::pointcloud_preprocessor::ApproximateDownsampleFilterComponent>
[component_container_mt-1] [INFO] [1778139608.821386451] [pointcloud_container]: Found class: rclcpp_components::NodeFactoryTemplate<autoware::pointcloud_preprocessor::BlockageDiagComponent>
[component_container_mt-1] [INFO] [1778139608.821408544] [pointcloud_container]: Found class: rclcpp_components::NodeFactoryTemplate<autoware::pointcloud_preprocessor::CropBoxFilterComponent>
[component_container_mt-1] [INFO] [1778139608.821423672] [pointcloud_container]: Instantiate class: rclcpp_components::NodeFactoryTemplate<autoware::pointcloud_preprocessor::CropBoxFilterComponent>
[INFO] [launch_ros.actions.load_composable_nodes]: Loaded node '/perception/obstacle_segmentation/crop_box_filter' in container 'pointcloud_container'
[component_container_mt-1] [INFO] [1778139608.850052457] [pointcloud_container]: Load Library: /opt/autoware/autoware_ground_segmentation/lib/libautoware_ground_segmentation.so
[component_container_mt-1] [INFO] [1778139608.853139619] [pointcloud_container]: Found class: rclcpp_components::NodeFactoryTemplate<autoware::ground_segmentation::RANSACGroundFilterComponent>
[component_container_mt-1] [INFO] [1778139608.853217092] [pointcloud_container]: Found class: rclcpp_components::NodeFactoryTemplate<autoware::ground_segmentation::RayGroundFilterComponent>
[component_container_mt-1] [INFO] [1778139608.853233845] [pointcloud_container]: Found class: rclcpp_components::NodeFactoryTemplate<autoware::ground_segmentation::ScanGroundFilterComponent>
[component_container_mt-1] [INFO] [1778139608.853242023] [pointcloud_container]: Instantiate class: rclcpp_components::NodeFactoryTemplate<autoware::ground_segmentation::ScanGroundFilterComponent>
[INFO] [launch_ros.actions.load_composable_nodes]: Loaded node '/perception/obstacle_segmentation/common_ground_filter' in container 'pointcloud_container'
[component_container_mt-1] [WARN] [1778139608.916522921] [perception.obstacle_segmentation.crop_box_filter]: Invalid PointCloud: is_dense is false. The point cloud should be organized (dense) and contain only valid points. This will be an ERROR starting in 2026 JulyFrame: 'panther/lidar_3d_os_lidar', Stamp: 473.900000000
[component_container_mt-1] [INFO] [1778139608.917654767] [pointcloud_container]: Load Library: /opt/autoware/autoware_occupancy_grid_map_outlier_filter/lib/libautoware_occupancy_grid_map_outlier_filter.so
[component_container_mt-1] [INFO] [1778139608.920949657] [pointcloud_container]: Found class: rclcpp_components::NodeFactoryTemplate<autoware::occupancy_grid_map_outlier_filter::OccupancyGridMapOutlierFilterComponent>
[component_container_mt-1] [INFO] [1778139608.921010743] [pointcloud_container]: Instantiate class: rclcpp_components::NodeFactoryTemplate<autoware::occupancy_grid_map_outlier_filter::OccupancyGridMapOutlierFilterComponent>
[INFO] [launch_ros.actions.load_composable_nodes]: Loaded node '/perception/obstacle_segmentation/occupancy_grid_based_outlier_filter' in container 'pointcloud_container'
[rviz2-8] [INFO] [1778139609.301881637] [rviz2]: Stereo is NOT SUPPORTED
[rviz2-8] [WARN] [1778139609.430923282] [PlanningFactorRvizPlugin]: Waiting for vehicle_info service...
[component_container_mt-1] [ERROR] [1778139609.936027794] [perception.obstacle_segmentation.crop_box_filter]: Failure to get transform from base_link to panther/lidar_3d_os_lidar with error: "base_link" passed to lookupTransform argument target_frame does not exist. 
[component_container_mt-1] [ERROR] [1778139613.000363058] [perception.obstacle_segmentation.crop_box_filter]: Failure to get transform from base_link to panther/lidar_3d_os_lidar with error: "base_link" passed to lookupTransform argument target_frame does not exist. 
[component_container_mt-1] [ERROR] [1778139616.068288655] [perception.obstacle_segmentation.crop_box_filter]: Failure to get transform from base_link to panther/lidar_3d_os_lidar with error: "base_link" passed to lookupTransform argument target_frame does not exist. 
[component_container_mt-1] [ERROR] [1778139619.132132846] [perception.obstacle_segmentation.crop_box_filter]: Failure to get transform from base_link to panther/lidar_3d_os_lidar with error: "base_link" passed to lookupTransform argument target_frame does not exist. 
[component_container_mt-1] [ERROR] [1778139622.189437584] [perception.obstacle_segmentation.crop_box_filter]: Failure to get transform from base_link to panther/lidar_3d_os_lidar with error: "base_link" passed to lookupTransform argument target_frame does not exist. 
[component_container_mt-1] [WARN] [1778139622.196509644] [perception.obstacle_segmentation.crop_box_filter]: Invalid PointCloud: is_dense is false. The point cloud should be organized (dense) and contain only valid points. This will be an ERROR starting in 2026 JulyFrame: 'panther/lidar_3d_os_lidar', Stamp: 478.650000000
[component_container_mt-1] [ERROR] [1778139625.258272952] [perception.obstacle_segmentation.crop_box_filter]: Failure to get transform from base_link to panther/lidar_3d_os_lidar with error: "base_link" passed to lookupTransform argument target_frame does not exist. 
[component_container_mt-1] [ERROR] [1778139628.317701645] [perception.obstacle_segmentation.crop_box_filter]: Failure to get transform from base_link to panther/lidar_3d_os_lidar with error: "base_link" passed to lookupTransform argument target_frame does not exist. 
[component_container_mt-1] [ERROR] [1778139631.379304599] [perception.obstacle_segmentation.crop_box_filter]: Failure to get transform from base_link to panther/lidar_3d_os_lidar with error: "base_link" passed to lookupTransform argument target_frame does not exist. 
[component_container_mt-1] [ERROR] [1778139634.450283996] [perception.obstacle_segmentation.crop_box_filter]: Failure to get transform from base_link to panther/lidar_3d_os_lidar with error: "base_link" passed to lookupTransform argument target_frame does not exist. 
[component_container_mt-1] [WARN] [1778139635.473594708] [perception.obstacle_segmentation.crop_box_filter]: Invalid PointCloud: is_dense is false. The point cloud should be organized (dense) and contain only valid points. This will be an ERROR starting in 2026 JulyFrame: 'panther/lidar_3d_os_lidar', Stamp: 483.700000000
[component_container_mt-1] [ERROR] [1778139637.515715694] [perception.obstacle_segmentation.crop_box_filter]: Failure to get transform from base_link to panther/lidar_3d_os_lidar with error: "base_link" passed to lookupTransform argument target_frame does not exist. 
[component_container_mt-1] [ERROR] [1778139640.583210971] [perception.obstacle_segmentation.crop_box_filter]: Failure to get transform from base_link to panther/lidar_3d_os_lidar with error: "base_link" passed to lookupTransform argument target_frame does not exist. 
[component_container_mt-1] [ERROR] [1778139643.642457123] [perception.obstacle_segmentation.crop_box_filter]: Failure to get transform from base_link to panther/lidar_3d_os_lidar with error: "base_link" passed to lookupTransform argument target_frame does not exist. 
[component_container_mt-1] [ERROR] [1778139646.695846680] [perception.obstacle_segmentation.crop_box_filter]: Failure to get transform from base_link to panther/lidar_3d_os_lidar with error: "base_link" passed to lookupTransform argument target_frame does not exist. 
[component_container_mt-1] [WARN] [1778139648.744252482] [perception.obstacle_segmentation.crop_box_filter]: Invalid PointCloud: is_dense is false. The point cloud should be organized (dense) and contain only valid points. This will be an ERROR starting in 2026 JulyFrame: 'panther/lidar_3d_os_lidar', Stamp: 488.750000000
[component_container_mt-1] [ERROR] [1778139649.756428060] [perception.obstacle_segmentation.crop_box_filter]: Failure to get transform from base_link to panther/lidar_3d_os_lidar with error: "base_link" passed to lookupTransform argument target_frame does not exist. 
[component_container_mt-1] [ERROR] [1778139652.805518090] [perception.obstacle_segmentation.crop_box_filter]: Failure to get transform from base_link to panther/lidar_3d_os_lidar with error: "base_link" passed to lookupTransform argument target_frame does not exist. 
[component_container_mt-1] [ERROR] [1778139655.871139778] [perception.obstacle_segmentation.crop_box_filter]: Failure to get transform from base_link to panther/lidar_3d_os_lidar with error: "base_link" passed to lookupTransform argument target_frame does not exist. 
[component_container_mt-1] [ERROR] [1778139658.926533097] [perception.obstacle_segmentation.crop_box_filter]: Failure to get transform from base_link to panther/lidar_3d_os_lidar with error: "base_link" passed to lookupTransform argument target_frame does not exist. 
[component_container_mt-1] [ERROR] [1778139661.994084032] [perception.obstacle_segmentation.crop_box_filter]: Failure to get transform from base_link to panther/lidar_3d_os_lidar with error: "base_link" passed to lookupTransform argument target_frame does not exist. 
[component_container_mt-1] [WARN] [1778139662.000995079] [perception.obstacle_segmentation.crop_box_filter]: Invalid PointCloud: is_dense is false. The point cloud should be organized (dense) and contain only valid points. This will be an ERROR starting in 2026 JulyFrame: 'panther/lidar_3d_os_lidar', Stamp: 493.650000000
[component_container_mt-1] [ERROR] [1778139665.066368620] [perception.obstacle_segmentation.crop_box_filter]: Failure to get transform from base_link to panther/lidar_3d_os_lidar with error: "base_link" passed to lookupTransform argument target_frame does not exist. 
[component_container_mt-1] [ERROR] [1778139668.139233794] [perception.obstacle_segmentation.crop_box_filter]: Failure to get transform from base_link to panther/lidar_3d_os_lidar with error: "base_link" passed to lookupTransform argument target_frame does not exist. 
[component_container_mt-1] [ERROR] [1778139671.212548081] [perception.obstacle_segmentation.crop_box_filter]: Failure to get transform from base_link to panther/lidar_3d_os_lidar with error: "base_link" passed to lookupTransform argument target_frame does not exist. 
[component_container_mt-1] [ERROR] [1778139674.283564899] [perception.obstacle_segmentation.crop_box_filter]: Failure to get transform from base_link to panther/lidar_3d_os_lidar with error: "base_link" passed to lookupTransform argument target_frame does not exist. 
[component_container_mt-1] [ERROR] [1778139677.345130618] [perception.obstacle_segmentation.crop_box_filter]: Failure to get transform from base_link to panther/lidar_3d_os_lidar with error: "base_link" passed to lookupTransform argument target_frame does not exist. 
[component_container_mt-1] [WARN] [1778139677.350595102] [perception.obstacle_segmentation.crop_box_filter]: Invalid PointCloud: is_dense is false. The point cloud should be organized (dense) and contain only valid points. This will be an ERROR starting in 2026 JulyFrame: 'panther/lidar_3d_os_lidar', Stamp: 499.250000000
[component_container_mt-1] [ERROR] [1778139680.399913148] [perception.obstacle_segmentation.crop_box_filter]: Failure to get transform from base_link to panther/lidar_3d_os_lidar with error: "base_link" passed to lookupTransform argument target_frame does not exist. 
[component_container_mt-1] [ERROR] [1778139683.467546678] [perception.obstacle_segmentation.crop_box_filter]: Failure to get transform from base_link to panther/lidar_3d_os_lidar with error: "base_link" passed to lookupTransform argument target_frame does not exist. 
[component_container_mt-1] [ERROR] [1778139686.566254849] [perception.obstacle_segmentation.crop_box_filter]: Failure to get transform from base_link to panther/lidar_3d_os_lidar with error: "base_link" passed to lookupTransform argument target_frame does not exist. 
[component_container_mt-1] [ERROR] [1778139689.648871249] [perception.obstacle_segmentation.crop_box_filter]: Failure to get transform from base_link to panther/lidar_3d_os_lidar with error: "base_link" passed to lookupTransform argument target_frame does not exist. 
[component_container_mt-1] [ERROR] [1778139692.732072445] [perception.obstacle_segmentation.crop_box_filter]: Failure to get transform from base_link to panther/lidar_3d_os_lidar with error: "base_link" passed to lookupTransform argument target_frame does not exist. 
[component_container_mt-1] [WARN] [1778139693.774358750] [perception.obstacle_segmentation.crop_box_filter]: Invalid PointCloud: is_dense is false. The point cloud should be organized (dense) and contain only valid points. This will be an ERROR starting in 2026 JulyFrame: 'panther/lidar_3d_os_lidar', Stamp: 504.450000000
[component_container_mt-1] [ERROR] [1778139695.811552032] [perception.obstacle_segmentation.crop_box_filter]: Failure to get transform from base_link to panther/lidar_3d_os_lidar with error: "base_link" passed to lookupTransform argument target_frame does not exist. 
[component_container_mt-1] [ERROR] [1778139698.883605200] [perception.obstacle_segmentation.crop_box_filter]: Failure to get transform from base_link to panther/lidar_3d_os_lidar with error: "base_link" passed to lookupTransform argument target_frame does not exist. 
[component_container_mt-1] [ERROR] [1778139701.959498465] [perception.obstacle_segmentation.crop_box_filter]: Failure to get transform from base_link to panther/lidar_3d_os_lidar with error: "base_link" passed to lookupTransform argument target_frame does not exist. 
[component_container_mt-1] [ERROR] [1778139705.029017399] [perception.obstacle_segmentation.crop_box_filter]: Failure to get transform from base_link to panther/lidar_3d_os_lidar with error: "base_link" passed to lookupTransform argument target_frame does not exist. 
[component_container_mt-1] [ERROR] [1778139708.095337265] [perception.obstacle_segmentation.crop_box_filter]: Failure to get transform from base_link to panther/lidar_3d_os_lidar with error: "base_link" passed to lookupTransform argument target_frame does not exist. 
[component_container_mt-1] [ERROR] [1778139711.169310486] [perception.obstacle_segmentation.crop_box_filter]: Failure to get transform from base_link to panther/lidar_3d_os_lidar with error: "base_link" passed to lookupTransform argument target_frame does not exist. 
[component_container_mt-1] [WARN] [1778139711.178518155] [perception.obstacle_segmentation.crop_box_filter]: Invalid PointCloud: is_dense is false. The point cloud should be organized (dense) and contain only valid points. This will be an ERROR starting in 2026 JulyFrame: 'panther/lidar_3d_os_lidar', Stamp: 509.450000000
[component_container_mt-1] [ERROR] [1778139714.266531555] [perception.obstacle_segmentation.crop_box_filter]: Failure to get transform from base_link to panther/lidar_3d_os_lidar with error: "base_link" passed to lookupTransform argument target_frame does not exist. 
[component_container_mt-1] [ERROR] [1778139717.328090570] [perception.obstacle_segmentation.crop_box_filter]: Failure to get transform from base_link to panther/lidar_3d_os_lidar with error: "base_link" passed to lookupTransform argument target_frame does not exist. 
[component_container_mt-1] [ERROR] [1778139720.398756837] [perception.obstacle_segmentation.crop_box_filter]: Failure to get transform from base_link to panther/lidar_3d_os_lidar with error: "base_link" passed to lookupTransform argument target_frame does not exist. 
