1778124120.0128069 [INFO] [launch]: All log files can be found below /root/.ros/log/2026-05-07-03-22-00-006879-a2tech-99
1778124120.0130413 [INFO] [launch]: Default logging verbosity is set to INFO
1778124140.2777033 [ERROR] [launch]: Caught exception in launch (see debug for traceback): [Errno 2] No such file or directory: '/autoware_data/ml_models/lidar_centerpoint/centerpoint_tiny_ml_package.param.yaml'
1778124140.3525796 [WARNING] [launch_ros.actions.load_composable_nodes]: Abandoning wait for the 'pointcloud_container/_container/load_node' service, due to shutdown.
1778124141.0544713 [INFO] [component_container_mt-1]: process started with pid [115]
1778124141.0547178 [INFO] [component_container-2]: process started with pid [117]
1778124141.0548098 [INFO] [shape_estimation_node-3]: process started with pid [119]
1778124141.0548649 [INFO] [roi_cluster_fusion_node-4]: process started with pid [121]
1778124141.0549121 [INFO] [low_intensity_cluster_filter_node-5]: process started with pid [123]
1778124141.0549548 [INFO] [shape_estimation_node-6]: process started with pid [125]
1778124141.0549910 [INFO] [detected_object_feature_remover_node-7]: process started with pid [127]
1778124141.0550299 [INFO] [roi_pointcloud_fusion_node-8]: process started with pid [129]
1778124141.0550764 [INFO] [detected_object_feature_remover_node-9]: process started with pid [131]
1778124141.0600512 [component_container_mt-1] 1778124140.376993 [0] component_: config: //CycloneDDS/Domain/General: 'NetworkInterfaceAddress': deprecated element (CYCLONEDDS_URI+0 line 1)
1778124141.0601635 [component_container_mt-1] [INFO] [1778124140.472058866] [pointcloud_container]: Load Library: /opt/autoware/autoware_probabilistic_occupancy_grid_map/lib/libpointcloud_based_occupancy_grid_map.so
1778124141.0602026 [component_container_mt-1] [INFO] [1778124140.650333304] [pointcloud_container]: Found class: rclcpp_components::NodeFactoryTemplate<autoware::occupancy_grid_map::PointcloudBasedOccupancyGridMapNode>
1778124141.0602312 [component_container_mt-1] [INFO] [1778124140.650422416] [pointcloud_container]: Instantiate class: rclcpp_components::NodeFactoryTemplate<autoware::occupancy_grid_map::PointcloudBasedOccupancyGridMapNode>
1778124141.0602558 [component_container_mt-1] [ERROR] [1778124140.841848015] [pointcloud_container]: Component constructor threw an exception: cudaErrorInsufficientDriver (35)@/opt/autoware/autoware_cuda_utils/include/autoware/cuda_utils/cuda_unique_ptr.hpp#L44: CUDA driver version is insufficient for CUDA runtime version
1778124141.0602860 [component_container_mt-1] [INFO] [1778124140.850137038] [pointcloud_container]: Load Library: /opt/autoware/autoware_pointcloud_preprocessor/lib/libpointcloud_preprocessor_filter.so
1778124141.0612519 [INFO] [component_container_mt-1]: sending signal 'SIGINT' to process[component_container_mt-1]
1778124141.0622878 [INFO] [component_container-2]: sending signal 'SIGINT' to process[component_container-2]
1778124141.0633786 [INFO] [shape_estimation_node-3]: sending signal 'SIGINT' to process[shape_estimation_node-3]
1778124141.0639079 [INFO] [roi_cluster_fusion_node-4]: sending signal 'SIGINT' to process[roi_cluster_fusion_node-4]
1778124141.0646284 [INFO] [low_intensity_cluster_filter_node-5]: sending signal 'SIGINT' to process[low_intensity_cluster_filter_node-5]
1778124141.0653629 [INFO] [shape_estimation_node-6]: sending signal 'SIGINT' to process[shape_estimation_node-6]
1778124141.0660560 [INFO] [detected_object_feature_remover_node-7]: sending signal 'SIGINT' to process[detected_object_feature_remover_node-7]
1778124141.0670929 [INFO] [roi_pointcloud_fusion_node-8]: sending signal 'SIGINT' to process[roi_pointcloud_fusion_node-8]
1778124141.0678706 [INFO] [detected_object_feature_remover_node-9]: sending signal 'SIGINT' to process[detected_object_feature_remover_node-9]
1778124141.0690198 [component_container_mt-1] [INFO] [1778124141.061524537] [rclcpp]: signal_handler(SIGINT/SIGTERM)
1778124141.0707703 [roi_pointcloud_fusion_node-8] [INFO] [1778124141.067248764] [rclcpp]: signal_handler(SIGINT/SIGTERM)
1778124141.2397099 [INFO] [component_container-2]: process has finished cleanly [pid 117]
1778124141.2908633 [INFO] [detected_object_feature_remover_node-7]: process has finished cleanly [pid 127]
1778124141.2916582 [INFO] [detected_object_feature_remover_node-9]: process has finished cleanly [pid 131]
1778124141.2948525 [INFO] [low_intensity_cluster_filter_node-5]: process has finished cleanly [pid 123]
1778124141.3858535 [WARNING] [launch_ros.actions.load_composable_nodes]: Abandoning wait for the '/perception/object_recognition/detection/clustering/euclidean_cluster_container/_container/load_node' service response, due to shutdown.
1778124141.4616406 [WARNING] [launch_ros.actions.load_composable_nodes]: Abandoning wait for the 'pointcloud_container/_container/load_node' service response, due to shutdown.
1778124141.5102856 [roi_pointcloud_fusion_node-8] terminate called after throwing an instance of 'rclcpp::exceptions::RCLError'
1778124141.5105407 [roi_pointcloud_fusion_node-8]   what():  failed to create guard condition: the given context is not valid, either rcl_init() was not called or rcl_shutdown() was called., at ./src/rcl/guard_condition.c:67
1778124141.5207503 [component_container_mt-1] [INFO] [1778124141.520390898] [pointcloud_container]: Found class: rclcpp_components::NodeFactoryTemplate<autoware::pointcloud_preprocessor::ApproximateDownsampleFilterComponent>
1778124141.5210118 [component_container_mt-1] [INFO] [1778124141.520415198] [pointcloud_container]: Found class: rclcpp_components::NodeFactoryTemplate<autoware::pointcloud_preprocessor::BlockageDiagComponent>
1778124141.5211115 [component_container_mt-1] [INFO] [1778124141.520418623] [pointcloud_container]: Found class: rclcpp_components::NodeFactoryTemplate<autoware::pointcloud_preprocessor::CropBoxFilterComponent>
1778124141.5212040 [component_container_mt-1] [INFO] [1778124141.520421203] [pointcloud_container]: Instantiate class: rclcpp_components::NodeFactoryTemplate<autoware::pointcloud_preprocessor::CropBoxFilterComponent>
1778124141.5223882 [component_container_mt-1] [ERROR] [1778124141.522201929] [pointcloud_container]: Component constructor threw an exception: failed to create guard condition: the given context is not valid, either rcl_init() was not called or rcl_shutdown() was called., at ./src/rcl/guard_condition.c:67
1778124141.5971694 [WARNING] [launch_ros.actions.load_composable_nodes]: Abandoning wait for the 'pointcloud_container/_container/load_node' service response, due to shutdown.
1778124141.6056957 [WARNING] [launch_ros.actions.load_composable_nodes]: Abandoning wait for the 'pointcloud_container/_container/load_node' service response, due to shutdown.
1778124141.6509326 [ERROR] [roi_pointcloud_fusion_node-8]: process has died [pid 129, exit code -6, cmd '/opt/autoware/autoware_image_projection_based_fusion/lib/autoware_image_projection_based_fusion/roi_pointcloud_fusion_node --ros-args -r __node:=roi_pointcloud_fusion -r __ns:=/perception/object_recognition/detection/irregular_object -p use_sim_time:=True -p wheel_radius:=0.383 -p wheel_width:=0.235 -p wheel_base:=2.79 -p wheel_tread:=1.64 -p front_overhang:=1.0 -p rear_overhang:=1.1 -p left_overhang:=0.128 -p right_overhang:=0.128 -p vehicle_height:=2.5 -p max_steer_angle:=0.7 -p use_sim_time:=True -p wheel_radius:=0.383 -p wheel_width:=0.235 -p wheel_base:=2.79 -p wheel_tread:=1.64 -p front_overhang:=1.0 -p rear_overhang:=1.1 -p left_overhang:=0.128 -p right_overhang:=0.128 -p vehicle_height:=2.5 -p max_steer_angle:=0.7 --params-file /tmp/launch_params_kaavedvm --params-file /tmp/launch_params_tkvdvii3 -r input:=obstacle_segmentation/pointcloud -r output:=clusters'].
1778124141.6766870 [ERROR] [roi_cluster_fusion_node-4]: process has died [pid 121, exit code -6, cmd '/opt/autoware/autoware_image_projection_based_fusion/lib/autoware_image_projection_based_fusion/roi_cluster_fusion_node --ros-args -r __node:=roi_cluster_fusion -r __ns:=/perception/object_recognition/detection/clustering/camera_lidar_fusion -p use_sim_time:=True -p wheel_radius:=0.383 -p wheel_width:=0.235 -p wheel_base:=2.79 -p wheel_tread:=1.64 -p front_overhang:=1.0 -p rear_overhang:=1.1 -p left_overhang:=0.128 -p right_overhang:=0.128 -p vehicle_height:=2.5 -p max_steer_angle:=0.7 -p use_sim_time:=True -p wheel_radius:=0.383 -p wheel_width:=0.235 -p wheel_base:=2.79 -p wheel_tread:=1.64 -p front_overhang:=1.0 -p rear_overhang:=1.1 -p left_overhang:=0.128 -p right_overhang:=0.128 -p vehicle_height:=2.5 -p max_steer_angle:=0.7 --params-file /tmp/launch_params_rlukfs8e --params-file /opt/autoware/autoware_launch/share/autoware_launch/config/perception/object_recognition/detection/image_projection_based_fusion/roi_cluster_fusion.param.yaml --params-file /opt/autoware/autoware_launch/share/autoware_launch/config/perception/object_recognition/detection/image_projection_based_fusion/fusion_common.param.yaml --params-file /tmp/launch_params_o60l2laa --params-file /tmp/launch_params_d27e8iz7 --params-file /tmp/launch_params_8lwuqs1z --params-file /tmp/launch_params_o8ay22n3 --params-file /tmp/launch_params_zvcqcno_ --params-file /tmp/launch_params_dri3bfu5 --params-file /tmp/launch_params_dck8xon9 --params-file /tmp/launch_params_5mev9bsd --params-file /tmp/launch_params_e6npxypy --params-file /tmp/launch_params_csxeh3l6 --params-file /tmp/launch_params_5xufqi8r --params-file /tmp/launch_params_pkpvfj0u --params-file /tmp/launch_params_tgnmyunn --params-file /tmp/launch_params_g385oai0 --params-file /tmp/launch_params_ozysyg5p --params-file /tmp/launch_params_b2qh_84i --params-file /tmp/launch_params_u1fbzkr8 --params-file /tmp/launch_params_csvtt546 --params-file /tmp/launch_params_ddutk5ce --params-file /tmp/launch_params_qmrnpa52 --params-file /tmp/launch_params_7yqj3no1 --params-file /tmp/launch_params_zehckh7d --params-file /tmp/launch_params_d0_fclmd --params-file /tmp/launch_params_nn_p7zmx --params-file /tmp/launch_params_5uru3kpo --params-file /tmp/launch_params_kir4nq5w --params-file /tmp/launch_params_xkjuk360 -r input:=/perception/object_recognition/detection/clustering/clusters -r input/concatenation_info:=/sensing/lidar/concatenated/pointcloud_info -r output:=/perception/object_recognition/detection/clustering/camera_lidar_fusion/clusters'].
1778124141.8145690 [INFO] [component_container_mt-1]: process has finished cleanly [pid 115]
1778124141.9882953 [ERROR] [shape_estimation_node-3]: process has died [pid 119, exit code -6, cmd '/opt/autoware/autoware_shape_estimation/lib/autoware_shape_estimation/shape_estimation_node --ros-args -r __node:=shape_estimation -r __ns:=/perception/object_recognition/detection/clustering -p use_sim_time:=True -p wheel_radius:=0.383 -p wheel_width:=0.235 -p wheel_base:=2.79 -p wheel_tread:=1.64 -p front_overhang:=1.0 -p rear_overhang:=1.1 -p left_overhang:=0.128 -p right_overhang:=0.128 -p vehicle_height:=2.5 -p max_steer_angle:=0.7 -p use_sim_time:=True -p wheel_radius:=0.383 -p wheel_width:=0.235 -p wheel_base:=2.79 -p wheel_tread:=1.64 -p front_overhang:=1.0 -p rear_overhang:=1.1 -p left_overhang:=0.128 -p right_overhang:=0.128 -p vehicle_height:=2.5 -p max_steer_angle:=0.7 --params-file /tmp/launch_params_umub2tnn --params-file /tmp/launch_params__m00kcez -r input:=/perception/object_recognition/detection/clustering/clusters -r objects:=/perception/object_recognition/detection/clustering/objects_with_feature'].
1778124142.0145478 [ERROR] [shape_estimation_node-6]: process has died [pid 125, exit code -6, cmd '/opt/autoware/autoware_shape_estimation/lib/autoware_shape_estimation/shape_estimation_node --ros-args -r __node:=shape_estimation -r __ns:=/perception/object_recognition/detection/clustering/camera_lidar_fusion -p use_sim_time:=True -p wheel_radius:=0.383 -p wheel_width:=0.235 -p wheel_base:=2.79 -p wheel_tread:=1.64 -p front_overhang:=1.0 -p rear_overhang:=1.1 -p left_overhang:=0.128 -p right_overhang:=0.128 -p vehicle_height:=2.5 -p max_steer_angle:=0.7 -p use_sim_time:=True -p wheel_radius:=0.383 -p wheel_width:=0.235 -p wheel_base:=2.79 -p wheel_tread:=1.64 -p front_overhang:=1.0 -p rear_overhang:=1.1 -p left_overhang:=0.128 -p right_overhang:=0.128 -p vehicle_height:=2.5 -p max_steer_angle:=0.7 --params-file /tmp/launch_params_bvx9lf31 --params-file /tmp/launch_params_p8dnn3pv -r input:=/perception/object_recognition/detection/clustering/camera_lidar_fusion/filtered/clusters -r objects:=/perception/object_recognition/detection/clustering/camera_lidar_fusion/objects_with_feature'].
